Using pre-set license
Built from '2022.3/staging' branch; Version is '2022.3.46f1 (8e9b8558c41a) revision 9345925'; Using compiler version '192829333'; Build Type 'Release'
OS: 'Windows 11  (10.0.26100) 64bit Core' Language: 'ja' Physical Memory: 32611 MB
BatchMode: 1, IsHumanControllingUs: 0, StartBugReporterOnCrash: 0, Is64bit: 1, IsPro: 1

COMMAND LINE ARGUMENTS:
C:\Program Files\Unity\Hub\Editor\2022.3.46f1\Editor\Unity.exe
-adb2
-batchMode
-noUpm
-name
AssetImportWorker1
-projectPath
C:/Data/Unity/Unity_ForceReserializeHelper
-logFile
Logs/AssetImportWorker1.log
-srvPort
64265
Successfully changed project path to: C:/Data/Unity/Unity_ForceReserializeHelper
C:/Data/Unity/Unity_ForceReserializeHelper
[UnityMemory] Configuration Parameters - Can be set up in boot.config
    "memorysetup-bucket-allocator-granularity=16"
    "memorysetup-bucket-allocator-bucket-count=8"
    "memorysetup-bucket-allocator-block-size=33554432"
    "memorysetup-bucket-allocator-block-count=8"
    "memorysetup-main-allocator-block-size=16777216"
    "memorysetup-thread-allocator-block-size=16777216"
    "memorysetup-gfx-main-allocator-block-size=16777216"
    "memorysetup-gfx-thread-allocator-block-size=16777216"
    "memorysetup-cache-allocator-block-size=4194304"
    "memorysetup-typetree-allocator-block-size=2097152"
    "memorysetup-profiler-bucket-allocator-granularity=16"
    "memorysetup-profiler-bucket-allocator-bucket-count=8"
    "memorysetup-profiler-bucket-allocator-block-size=33554432"
    "memorysetup-profiler-bucket-allocator-block-count=8"
    "memorysetup-profiler-allocator-block-size=16777216"
    "memorysetup-profiler-editor-allocator-block-size=1048576"
    "memorysetup-temp-allocator-size-main=16777216"
    "memorysetup-job-temp-allocator-block-size=2097152"
    "memorysetup-job-temp-allocator-block-size-background=1048576"
    "memorysetup-job-temp-allocator-reduction-small-platforms=262144"
    "memorysetup-allocator-temp-initial-block-size-main=262144"
    "memorysetup-allocator-temp-initial-block-size-worker=262144"
    "memorysetup-temp-allocator-size-background-worker=32768"
    "memorysetup-temp-allocator-size-job-worker=262144"
    "memorysetup-temp-allocator-size-preload-manager=33554432"
    "memorysetup-temp-allocator-size-nav-mesh-worker=65536"
    "memorysetup-temp-allocator-size-audio-worker=65536"
    "memorysetup-temp-allocator-size-cloud-worker=32768"
    "memorysetup-temp-allocator-size-gi-baking-worker=262144"
    "memorysetup-temp-allocator-size-gfx=262144"
Player connection [26700]  Target information:

Player connection [26700]  * "[IP] 169.254.253.74 [Port] 0 [Flags] 2 [Guid] 999198838 [EditorId] 999198838 [Version] 1048832 [Id] WindowsEditor(7,XJINEsDesktop) [Debug] 1 [PackageName] WindowsEditor [ProjectName] Editor" 

Player connection [26700]  * "[IP] 192.168.11.12 [Port] 0 [Flags] 2 [Guid] 999198838 [EditorId] 999198838 [Version] 1048832 [Id] WindowsEditor(7,XJINEsDesktop) [Debug] 1 [PackageName] WindowsEditor [ProjectName] Editor" 

Player connection [26700] Host joined multi-casting on [225.0.0.222:54997]...
Player connection [26700] Host joined alternative multi-casting on [225.0.0.222:34997]...
[PhysX] Initialized MultithreadedTaskDispatcher with 32 workers.
Refreshing native plugins compatible for Editor in 0.65 ms, found 0 plugins.
Preloading 0 native plugins for Editor in 0.00 ms.
Initialize engine version: 2022.3.46f1 (8e9b8558c41a)
[Subsystems] Discovering subsystems at path C:/Program Files/Unity/Hub/Editor/2022.3.46f1/Editor/Data/Resources/UnitySubsystems
[Subsystems] Discovering subsystems at path C:/Data/Unity/Unity_ForceReserializeHelper/Assets
GfxDevice: creating device client; threaded=0; jobified=0
Direct3D:
    Version:  Direct3D 11.0 [level 11.1]
    Renderer: NVIDIA GeForce RTX 4090 (ID=0x2684)
    Vendor:   NVIDIA
    VRAM:     22612 MB
    Driver:   32.0.15.6636
Initialize mono
Mono path[0] = 'C:/Program Files/Unity/Hub/Editor/2022.3.46f1/Editor/Data/Managed'
Mono path[1] = 'C:/Program Files/Unity/Hub/Editor/2022.3.46f1/Editor/Data/MonoBleedingEdge/lib/mono/unityjit-win32'
Mono config path = 'C:/Program Files/Unity/Hub/Editor/2022.3.46f1/Editor/Data/MonoBleedingEdge/etc'
Using monoOptions --debugger-agent=transport=dt_socket,embedding=1,server=y,suspend=n,address=127.0.0.1:56020
Begin MonoManager ReloadAssembly
Registering precompiled unity dll's ...
Register platform support module: C:/Program Files/Unity/Hub/Editor/2022.3.46f1/Editor/Data/PlaybackEngines/WindowsStandaloneSupport/UnityEditor.WindowsStandalone.Extensions.dll
Registered in 0.002476 seconds.
- Loaded All Assemblies, in  0.178 seconds
Native extension for WindowsStandalone target not found
Mono: successfully reloaded assembly
- Finished resetting the current domain, in  0.134 seconds
Domain Reload Profiling: 312ms
	BeginReloadAssembly (58ms)
		ExecutionOrderSort (0ms)
		DisableScriptedObjects (0ms)
		BackupInstance (0ms)
		ReleaseScriptingObjects (0ms)
		CreateAndSetChildDomain (0ms)
	RebuildCommonClasses (18ms)
	RebuildNativeTypeToScriptingClass (5ms)
	initialDomainReloadingComplete (27ms)
	LoadAllAssembliesAndSetupDomain (69ms)
		LoadAssemblies (56ms)
		RebuildTransferFunctionScriptingTraits (0ms)
		AnalyzeDomain (68ms)
			TypeCache.Refresh (67ms)
				TypeCache.ScanAssembly (60ms)
			ScanForSourceGeneratedMonoScriptInfo (0ms)
			ResolveRequiredComponents (0ms)
	FinalizeReload (134ms)
		ReleaseScriptCaches (0ms)
		RebuildScriptCaches (0ms)
		SetupLoadedEditorAssemblies (110ms)
			LogAssemblyErrors (0ms)
			InitializePlatformSupportModulesInManaged (5ms)
			SetLoadedEditorAssemblies (4ms)
			RefreshPlugins (0ms)
			BeforeProcessingInitializeOnLoad (1ms)
			ProcessInitializeOnLoadAttributes (76ms)
			ProcessInitializeOnLoadMethodAttributes (23ms)
			AfterProcessingInitializeOnLoad (0ms)
			EditorAssembliesLoaded (0ms)
		ExecutionOrderSort2 (0ms)
		AwakeInstancesAfterBackupRestoration (0ms)
========================================================================
Worker process is ready to serve import requests
Caller must complete domain reload
Begin MonoManager ReloadAssembly
- Loaded All Assemblies, in  0.194 seconds
Native extension for WindowsStandalone target not found
Mono: successfully reloaded assembly
- Finished resetting the current domain, in  0.198 seconds
Domain Reload Profiling: 391ms
	BeginReloadAssembly (74ms)
		ExecutionOrderSort (0ms)
		DisableScriptedObjects (3ms)
		BackupInstance (0ms)
		ReleaseScriptingObjects (0ms)
		CreateAndSetChildDomain (11ms)
	RebuildCommonClasses (17ms)
	RebuildNativeTypeToScriptingClass (6ms)
	initialDomainReloadingComplete (20ms)
	LoadAllAssembliesAndSetupDomain (76ms)
		LoadAssemblies (101ms)
		RebuildTransferFunctionScriptingTraits (0ms)
		AnalyzeDomain (18ms)
			TypeCache.Refresh (14ms)
				TypeCache.ScanAssembly (9ms)
			ScanForSourceGeneratedMonoScriptInfo (3ms)
			ResolveRequiredComponents (1ms)
	FinalizeReload (199ms)
		ReleaseScriptCaches (0ms)
		RebuildScriptCaches (0ms)
		SetupLoadedEditorAssemblies (137ms)
			LogAssemblyErrors (0ms)
			InitializePlatformSupportModulesInManaged (3ms)
			SetLoadedEditorAssemblies (2ms)
			RefreshPlugins (0ms)
			BeforeProcessingInitializeOnLoad (25ms)
			ProcessInitializeOnLoadAttributes (88ms)
			ProcessInitializeOnLoadMethodAttributes (16ms)
			AfterProcessingInitializeOnLoad (3ms)
			EditorAssembliesLoaded (0ms)
		ExecutionOrderSort2 (0ms)
		AwakeInstancesAfterBackupRestoration (3ms)
Launched and connected shader compiler UnityShaderCompiler.exe after 0.02 seconds
Refreshing native plugins compatible for Editor in 0.29 ms, found 0 plugins.
Preloading 0 native plugins for Editor in 0.00 ms.
Unloading 762 Unused Serialized files (Serialized files now loaded: 0)
Unloading 14 unused Assets / (49.8 KB). Loaded Objects now: 1241.
Memory consumption went from 66.5 MB to 66.5 MB.
Total: 1.617200 ms (FindLiveObjects: 0.047200 ms CreateObjectMapping: 0.014300 ms MarkObjects: 1.504800 ms  DeleteObjects: 0.050500 ms)

AssetImportParameters requested are different than current active one (requested -> active):
  custom:video-encoder-webm-vp8: eb34c28f22e8b96e1ab97ce403110664 -> 
  custom:video-decoder-webm-vp8: 9c59270c3fd7afecdb556c50c9e8de78 -> 
  custom:audio-decoder-ogg-vorbis: bf7c407c2cedff20999df2af8eb42d56 -> 
  custom:video-decoder-ogg-theora: a1e56fd34408186e4bbccfd4996cb3dc -> 
  custom:audio-encoder-webm-vorbis: bf7c407c2cedff20999df2af8eb42d56 -> 
  custom:SearchIndexIgnoredProperties: e643bd26f0fe6173181afceb89e7c659 -> 
  custom:container-demuxer-ogg: 62fdf1f143b41e24485cea50d1cbac27 -> 
  custom:AudioImporter_EditorPlatform: d09bf68614088b80899f8185d706f6e7 -> 
  custom:CustomObjectIndexerAttribute: 9a22284fe3817be447336de3de66b15e -> 
  custom:framework-win-MediaFoundation: 216162199b28c13a410421893ffa2e32 -> 
  custom:container-demuxer-webm: 4f35f7cbe854078d1ac9338744f61a02 -> 
  custom:container-muxer-webm: aa71ff27fc2769a1b78a27578f13a17b -> 
  custom:video-codec-MediaFoundation-h265: 746d11721c4dcdbdad8f713fa42b33f4 -> 
========================================================================
Received Prepare
Caller must complete domain reload
Begin MonoManager ReloadAssembly
- Loaded All Assemblies, in  0.180 seconds
Native extension for WindowsStandalone target not found
Mono: successfully reloaded assembly
- Finished resetting the current domain, in  0.243 seconds
Domain Reload Profiling: 423ms
	BeginReloadAssembly (82ms)
		ExecutionOrderSort (0ms)
		DisableScriptedObjects (3ms)
		BackupInstance (0ms)
		ReleaseScriptingObjects (0ms)
		CreateAndSetChildDomain (13ms)
	RebuildCommonClasses (17ms)
	RebuildNativeTypeToScriptingClass (5ms)
	initialDomainReloadingComplete (14ms)
	LoadAllAssembliesAndSetupDomain (61ms)
		LoadAssemblies (101ms)
		RebuildTransferFunctionScriptingTraits (0ms)
		AnalyzeDomain (6ms)
			TypeCache.Refresh (4ms)
				TypeCache.ScanAssembly (0ms)
			ScanForSourceGeneratedMonoScriptInfo (0ms)
			ResolveRequiredComponents (1ms)
	FinalizeReload (243ms)
		ReleaseScriptCaches (0ms)
		RebuildScriptCaches (0ms)
		SetupLoadedEditorAssemblies (137ms)
			LogAssemblyErrors (0ms)
			InitializePlatformSupportModulesInManaged (3ms)
			SetLoadedEditorAssemblies (2ms)
			RefreshPlugins (0ms)
			BeforeProcessingInitializeOnLoad (25ms)
			ProcessInitializeOnLoadAttributes (88ms)
			ProcessInitializeOnLoadMethodAttributes (16ms)
			AfterProcessingInitializeOnLoad (4ms)
			EditorAssembliesLoaded (0ms)
		ExecutionOrderSort2 (0ms)
		AwakeInstancesAfterBackupRestoration (4ms)
Refreshing native plugins compatible for Editor in 0.27 ms, found 0 plugins.
Preloading 0 native plugins for Editor in 0.00 ms.
Unloading 757 Unused Serialized files (Serialized files now loaded: 0)
Unloading 5 unused Assets / (23.8 KB). Loaded Objects now: 1244.
Memory consumption went from 66.1 MB to 66.1 MB.
Total: 1.453700 ms (FindLiveObjects: 0.046800 ms CreateObjectMapping: 0.010900 ms MarkObjects: 1.379800 ms  DeleteObjects: 0.015700 ms)

Prepare: number of updated asset objects reloaded= 0
AssetImportParameters requested are different than current active one (requested -> active):
  custom:video-encoder-webm-vp8: eb34c28f22e8b96e1ab97ce403110664 -> 
  custom:video-decoder-webm-vp8: 9c59270c3fd7afecdb556c50c9e8de78 -> 
  custom:audio-decoder-ogg-vorbis: bf7c407c2cedff20999df2af8eb42d56 -> 
  custom:video-decoder-ogg-theora: a1e56fd34408186e4bbccfd4996cb3dc -> 
  custom:audio-encoder-webm-vorbis: bf7c407c2cedff20999df2af8eb42d56 -> 
  custom:SearchIndexIgnoredProperties: e643bd26f0fe6173181afceb89e7c659 -> 
  custom:container-demuxer-ogg: 62fdf1f143b41e24485cea50d1cbac27 -> 
  custom:AudioImporter_EditorPlatform: d09bf68614088b80899f8185d706f6e7 -> 
  custom:CustomObjectIndexerAttribute: 9a22284fe3817be447336de3de66b15e -> 
  custom:framework-win-MediaFoundation: 216162199b28c13a410421893ffa2e32 -> 
  custom:container-demuxer-webm: 4f35f7cbe854078d1ac9338744f61a02 -> 
  custom:container-muxer-webm: aa71ff27fc2769a1b78a27578f13a17b -> 
  custom:video-codec-MediaFoundation-h265: 746d11721c4dcdbdad8f713fa42b33f4 -> 
========================================================================
Received Prepare
Caller must complete domain reload
Begin MonoManager ReloadAssembly
- Loaded All Assemblies, in  0.194 seconds
Native extension for WindowsStandalone target not found
Mono: successfully reloaded assembly
- Finished resetting the current domain, in  0.254 seconds
Domain Reload Profiling: 448ms
	BeginReloadAssembly (89ms)
		ExecutionOrderSort (0ms)
		DisableScriptedObjects (4ms)
		BackupInstance (0ms)
		ReleaseScriptingObjects (0ms)
		CreateAndSetChildDomain (11ms)
	RebuildCommonClasses (22ms)
	RebuildNativeTypeToScriptingClass (6ms)
	initialDomainReloadingComplete (13ms)
	LoadAllAssembliesAndSetupDomain (65ms)
		LoadAssemblies (105ms)
		RebuildTransferFunctionScriptingTraits (0ms)
		AnalyzeDomain (13ms)
			TypeCache.Refresh (11ms)
				TypeCache.ScanAssembly (5ms)
			ScanForSourceGeneratedMonoScriptInfo (1ms)
			ResolveRequiredComponents (0ms)
	FinalizeReload (254ms)
		ReleaseScriptCaches (0ms)
		RebuildScriptCaches (0ms)
		SetupLoadedEditorAssemblies (157ms)
			LogAssemblyErrors (0ms)
			InitializePlatformSupportModulesInManaged (3ms)
			SetLoadedEditorAssemblies (2ms)
			RefreshPlugins (0ms)
			BeforeProcessingInitializeOnLoad (26ms)
			ProcessInitializeOnLoadAttributes (96ms)
			ProcessInitializeOnLoadMethodAttributes (23ms)
			AfterProcessingInitializeOnLoad (6ms)
			EditorAssembliesLoaded (0ms)
		ExecutionOrderSort2 (0ms)
		AwakeInstancesAfterBackupRestoration (4ms)
Refreshing native plugins compatible for Editor in 0.29 ms, found 0 plugins.
Preloading 0 native plugins for Editor in 0.00 ms.
Unloading 539 Unused Serialized files (Serialized files now loaded: 0)
Unloading 186 unused Assets / (117.1 KB). Loaded Objects now: 1066.
Memory consumption went from 62.6 MB to 62.5 MB.
Total: 1.513400 ms (FindLiveObjects: 0.045700 ms CreateObjectMapping: 0.010600 ms MarkObjects: 1.342800 ms  DeleteObjects: 0.113800 ms)

Prepare: number of updated asset objects reloaded= 0
AssetImportParameters requested are different than current active one (requested -> active):
  custom:video-encoder-webm-vp8: eb34c28f22e8b96e1ab97ce403110664 -> 
  custom:video-decoder-webm-vp8: 9c59270c3fd7afecdb556c50c9e8de78 -> 
  custom:audio-decoder-ogg-vorbis: bf7c407c2cedff20999df2af8eb42d56 -> 
  custom:video-decoder-ogg-theora: a1e56fd34408186e4bbccfd4996cb3dc -> 
  custom:audio-encoder-webm-vorbis: bf7c407c2cedff20999df2af8eb42d56 -> 
  custom:SearchIndexIgnoredProperties: e643bd26f0fe6173181afceb89e7c659 -> 
  custom:container-demuxer-ogg: 62fdf1f143b41e24485cea50d1cbac27 -> 
  custom:AudioImporter_EditorPlatform: d09bf68614088b80899f8185d706f6e7 -> 
  custom:CustomObjectIndexerAttribute: 9a22284fe3817be447336de3de66b15e -> 
  custom:framework-win-MediaFoundation: 216162199b28c13a410421893ffa2e32 -> 
  custom:container-demuxer-webm: 4f35f7cbe854078d1ac9338744f61a02 -> 
  custom:container-muxer-webm: aa71ff27fc2769a1b78a27578f13a17b -> 
  custom:video-codec-MediaFoundation-h265: 746d11721c4dcdbdad8f713fa42b33f4 -> 
  custom:scripting/precompiled-assembly-types:UnityEditor.UI:  -> 6bae215471362000d6dbd3e0ee304a50
  custom:scripting/precompiled-assembly-types:UnityEngine.UI:  -> f762135bac905e34e2b540c872c48817
========================================================================
Received Prepare
Caller must complete domain reload
Begin MonoManager ReloadAssembly
- Loaded All Assemblies, in  0.178 seconds
Native extension for WindowsStandalone target not found
Mono: successfully reloaded assembly
- Finished resetting the current domain, in  0.243 seconds
Domain Reload Profiling: 421ms
	BeginReloadAssembly (78ms)
		ExecutionOrderSort (0ms)
		DisableScriptedObjects (3ms)
		BackupInstance (0ms)
		ReleaseScriptingObjects (0ms)
		CreateAndSetChildDomain (12ms)
	RebuildCommonClasses (18ms)
	RebuildNativeTypeToScriptingClass (6ms)
	initialDomainReloadingComplete (16ms)
	LoadAllAssembliesAndSetupDomain (60ms)
		LoadAssemblies (97ms)
		RebuildTransferFunctionScriptingTraits (0ms)
		AnalyzeDomain (6ms)
			TypeCache.Refresh (5ms)
				TypeCache.ScanAssembly (1ms)
			ScanForSourceGeneratedMonoScriptInfo (0ms)
			ResolveRequiredComponents (0ms)
	FinalizeReload (244ms)
		ReleaseScriptCaches (0ms)
		RebuildScriptCaches (0ms)
		SetupLoadedEditorAssemblies (140ms)
			LogAssemblyErrors (0ms)
			InitializePlatformSupportModulesInManaged (3ms)
			SetLoadedEditorAssemblies (2ms)
			RefreshPlugins (0ms)
			BeforeProcessingInitializeOnLoad (25ms)
			ProcessInitializeOnLoadAttributes (93ms)
			ProcessInitializeOnLoadMethodAttributes (15ms)
			AfterProcessingInitializeOnLoad (3ms)
			EditorAssembliesLoaded (0ms)
		ExecutionOrderSort2 (0ms)
		AwakeInstancesAfterBackupRestoration (3ms)
Refreshing native plugins compatible for Editor in 0.37 ms, found 0 plugins.
Preloading 0 native plugins for Editor in 0.00 ms.
Unloading 543 Unused Serialized files (Serialized files now loaded: 0)
Unloading 5 unused Assets / (23.9 KB). Loaded Objects now: 1073.
Memory consumption went from 62.5 MB to 62.4 MB.
Total: 1.366900 ms (FindLiveObjects: 0.042000 ms CreateObjectMapping: 0.010000 ms MarkObjects: 1.297500 ms  DeleteObjects: 0.016600 ms)

Prepare: number of updated asset objects reloaded= 0
AssetImportParameters requested are different than current active one (requested -> active):
  custom:scripting/monoscript/fileName/SyncTestRunCallback.cs: 6109fbb45740725119ed9609ae2cb6ab -> 0f406f4b09f3b7bd1bfd8f867df2e978
  custom:video-encoder-webm-vp8: eb34c28f22e8b96e1ab97ce403110664 -> 
  custom:scripting/monoscript/fileName/CallbackInitializer.cs: d227e453fc55ff33477a0f8f90826257 -> b6cad195ed4890ee7aed8c4de2807157
  custom:video-decoder-webm-vp8: 9c59270c3fd7afecdb556c50c9e8de78 -> 
  custom:scripting/monoscript/fileName/RiderTestRunner.cs: a09449e7603772ef60589c92d46be0c3 -> b9ea3ff0565ae2955ea8f15dd6e578d4
  custom:scripting/monoscript/fileName/RiderAssetPostprocessor.cs: e6ad4f374cd20986773f123ef82b628b -> e95044eb94149eee30f5192e36c02104
  custom:scripting/monoscript/fileName/SyncTestRunEventsHandler.cs: a9e2807330a6f2c36d667ee1a2c4f414 -> 9ebe337aca2d71ac02fccc5c886e0668
  custom:scripting/monoscript/fileName/SerializableVersion.cs: 37d1dc623e9e336a7d92f02239a5eea0 -> 66cf30c0372dc35aea960f71af56ff8a
  custom:audio-decoder-ogg-vorbis: bf7c407c2cedff20999df2af8eb42d56 -> 
  custom:scripting/monoscript/fileName/RiderInitializer.cs: 68ef77945a5c56741cb9a0219dfe7657 -> d44ce07d40dcd4d066b6c1c8d08f3519
  custom:video-decoder-ogg-theora: a1e56fd34408186e4bbccfd4996cb3dc -> 
  custom:scripting/monoscript/fileName/RiderDebugLinkXmlProcessor.cs: 099ca395a105c6ac1743d631f5230607 -> 
  custom:scripting/monoscript/fileName/TestsCallback.cs: 6648df980912e96eaae5c39374242936 -> 420027d2a6ccaf7376f849b0f965edcd
  custom:scripting/monoscript/fileName/StringUtils.cs: cd553e77d1122a9b1572dc41482ec6fa -> e49393bed9b27f8092372b1c93fd8ad8
  custom:scripting/monoscript/fileName/ProjectPart.cs: fa153b81a1be75d157e4b8a3e4771fc2 -> e09789f5d21ec839c23f3a2c8c340a5a
  custom:scripting/monoscript/fileName/TestEvent.cs: 600966b5c87333333e8aa4555a03efa6 -> ff94f6973aa3f0db280f3ed0b7577e48
  custom:scripting/monoscript/fileName/SolutionGuidGenerator.cs: fff5e43ac88ff72f14745857eb692caa -> 39a21c4f5e351b9b4a2916e800641a4a
  custom:scripting/monoscript/fileName/PackageManagerTracker.cs: 6b4f549427cfb6e5a3495618f2118a44 -> 651bbc6653e509037fd83f80aa48fad7
  custom:scripting/monoscript/fileName/IFileIO.cs: f591b2fd0e7a5b3d1b89896fce5380e7 -> d1715877724f6e7813b95bae6fbc24d5
  custom:scripting/monoscript/fileName/ProjectGeneration.cs: 6a1cff937ba48d4507adb893269bdb3d -> 5d892aecaaa9b5c9f4162e2ae2b374ef
  custom:audio-encoder-webm-vorbis: bf7c407c2cedff20999df2af8eb42d56 -> 
  custom:scripting/monoscript/fileName/CommandLineParser.cs: a5ce035a20fc026f12db6b796b898d65 -> 25c8ce1c1ecf3aba3903da1187b88166
  custom:scripting/monoscript/fileName/LinkXmlInstaller.cs: 3dee13f8f8e266475c77d4ab15dbe018 -> 
  custom:scripting/monoscript/fileName/RiderScriptEditor.cs: 4a0f526f1b31c7d9c331714a284a6791 -> 4ddd2581343451de6f696adaf8c0958f
  custom:scripting/monoscript/fileName/RiderScriptEditorDataPersisted.cs: 86b94c4c59f51e667ab7e1f2d997c184 -> 93e7c36b8be60b7055550adb6ace534f
  custom:SearchIndexIgnoredProperties: e643bd26f0fe6173181afceb89e7c659 -> 
  custom:scripting/monoscript/fileName/RiderPathUtil.cs: b3d293b09b57cc7b91d500a8b861ad70 -> a77167e74e3a3d01856e2c8265c09e64
  custom:scripting/monoscript/fileName/FileIOProvider.cs: cd91aaa86c461e807d984ea50a1f782b -> 304525d180d2b661ce338fc8a3225752
  custom:container-demuxer-ogg: 62fdf1f143b41e24485cea50d1cbac27 -> 
  custom:AudioImporter_EditorPlatform: d09bf68614088b80899f8185d706f6e7 -> 
  custom:scripting/monoscript/fileName/RiderMenu.cs: 2f14cf7eed9a2ad63962ab0ec2641b7b -> a430c0ff873704a92fbd3fa96f173c8d
  custom:CustomObjectIndexerAttribute: 9a22284fe3817be447336de3de66b15e -> 
  custom:framework-win-MediaFoundation: 216162199b28c13a410421893ffa2e32 -> 
  custom:scripting/monoscript/fileName/PluginSettings.cs: 727424108b6598a2387dd87fa5ed687f -> 4ee82f9c59f87f1dece05e6b9763c365
  custom:scripting/monoscript/fileName/LastWriteTracker.cs: e117305b6c922c0adb79679b01fac2c8 -> c78bd5b4fa28ac60ca7ed50f9c2b99d2
  custom:scripting/monoscript/fileName/FileSystemUtil.cs: 6856b263874916a35e9cabf0faa6bad8 -> 3a1d37ca0015bdfbd542c903cf738043
  custom:scripting/monoscript/fileName/AssemblyNameProvider.cs: 3f6d31526fee168fdd424ef9cb4d7d60 -> 170b0fd934f78f2e6a09342014bfa1fc
  custom:scripting/monoscript/fileName/StringBuilderExtensions.cs: ce23927f3c011b62498875f4f9a60a9a -> 14a3bca92eed52569c50d58813f48a9b
  custom:scripting/monoscript/fileName/EditorPluginInterop.cs: 1a28103090f24bb43afd0997a69f9b48 -> 087796556f1ed2025e28209e52d82ccc
  custom:scripting/monoscript/fileName/IGenerator.cs: e53c624814a84a932e0860f584f7deb9 -> 7460422a7cf0a449df86606b185ffb0e
  custom:scripting/monoscript/fileName/IAssemblyNameProvider.cs: de79d586ca221e8ac344be669ec25f7e -> 005dc9d9c07dc825fea94e0fbc841e20
  custom:scripting/monoscript/fileName/LibcNativeInterop.cs: c73f097a3ef89ebf41e7633fc6e71aff -> 77c1db6bef2e1063dc874463b520ed18
  custom:scripting/monoscript/fileName/StartUpMethodExecutor.cs: ecce11359b7760342ad14bc80bad2220 -> 45cc23141d36926881d69e4d2f8950c7
  custom:scripting/monoscript/fileName/RiderDebuggerProvider.cs: 678aab743b360488ecff56faa503ec8d -> 
  custom:scripting/monoscript/fileName/RiderStyles.cs: cd129c7ac3790ffa53f73149c91a781a -> 871a958d95b29e48af876a5d411c626a
  custom:scripting/monoscript/fileName/CallbackData.cs: 244f50edb9a06e595eeca45abc022db5 -> b15b13425eedd78fb5c4fc4930a9e8b4
  custom:scripting/monoscript/fileName/GUIDProvider.cs: 27f6b36734be7c6510b3f0cc4a697fc7 -> cdd3f47e4fe593d2dfdf9915fa537e3f
  custom:scripting/precompiled-assembly-types:Unity.Rider.Editor: 332fda7feca3dc3cf0d3d930da452a26 -> 5769424f89eeee7d96f0de4802f34024
  custom:container-demuxer-webm: 4f35f7cbe854078d1ac9338744f61a02 -> 
  custom:container-muxer-webm: aa71ff27fc2769a1b78a27578f13a17b -> 
  custom:scripting/monoscript/fileName/RiderScriptEditorData.cs: ac763da56c18afcbbc99b7cf67651110 -> fb9aed0c9d95878995d450a00d549f78
  custom:video-codec-MediaFoundation-h265: 746d11721c4dcdbdad8f713fa42b33f4 -> 
  custom:scripting/monoscript/fileName/Discovery.cs: 8029393f215a21f61e4b017c92f6b3d9 -> 2b1006b9be47307c73378eaafc98b6fb
  custom:scripting/monoscript/fileName/IGUIDGenerator.cs: 153317bb7bf55f081a729ef02e3a13bd -> bad2c2e3b2dbec33c36bdfd6fc903e19
  custom:scripting/precompiled-assembly-types:UnityEditor.UI:  -> 6bae215471362000d6dbd3e0ee304a50
  custom:scripting/precompiled-assembly-types:UnityEngine.UI:  -> f762135bac905e34e2b540c872c48817
========================================================================
Received Prepare
Caller must complete domain reload
Begin MonoManager ReloadAssembly
- Loaded All Assemblies, in  0.173 seconds
Native extension for WindowsStandalone target not found
Mono: successfully reloaded assembly
- Finished resetting the current domain, in  0.226 seconds
Domain Reload Profiling: 399ms
	BeginReloadAssembly (84ms)
		ExecutionOrderSort (0ms)
		DisableScriptedObjects (3ms)
		BackupInstance (0ms)
		ReleaseScriptingObjects (0ms)
		CreateAndSetChildDomain (12ms)
	RebuildCommonClasses (18ms)
	RebuildNativeTypeToScriptingClass (5ms)
	initialDomainReloadingComplete (14ms)
	LoadAllAssembliesAndSetupDomain (52ms)
		LoadAssemblies (96ms)
		RebuildTransferFunctionScriptingTraits (0ms)
		AnalyzeDomain (4ms)
			TypeCache.Refresh (3ms)
				TypeCache.ScanAssembly (0ms)
			ScanForSourceGeneratedMonoScriptInfo (0ms)
			ResolveRequiredComponents (0ms)
	FinalizeReload (226ms)
		ReleaseScriptCaches (0ms)
		RebuildScriptCaches (0ms)
		SetupLoadedEditorAssemblies (134ms)
			LogAssemblyErrors (0ms)
			InitializePlatformSupportModulesInManaged (4ms)
			SetLoadedEditorAssemblies (2ms)
			RefreshPlugins (0ms)
			BeforeProcessingInitializeOnLoad (25ms)
			ProcessInitializeOnLoadAttributes (86ms)
			ProcessInitializeOnLoadMethodAttributes (15ms)
			AfterProcessingInitializeOnLoad (3ms)
			EditorAssembliesLoaded (0ms)
		ExecutionOrderSort2 (0ms)
		AwakeInstancesAfterBackupRestoration (3ms)
Refreshing native plugins compatible for Editor in 0.28 ms, found 0 plugins.
Preloading 0 native plugins for Editor in 0.00 ms.
Unloading 507 Unused Serialized files (Serialized files now loaded: 0)
Unloading 7 unused Assets / (24.9 KB). Loaded Objects now: 1074.
Memory consumption went from 61.8 MB to 61.8 MB.
Total: 1.392700 ms (FindLiveObjects: 0.043300 ms CreateObjectMapping: 0.009600 ms MarkObjects: 1.323300 ms  DeleteObjects: 0.015800 ms)

Prepare: number of updated asset objects reloaded= 0
AssetImportParameters requested are different than current active one (requested -> active):
  custom:scripting/monoscript/fileName/SyncTestRunCallback.cs: 6109fbb45740725119ed9609ae2cb6ab -> 0f406f4b09f3b7bd1bfd8f867df2e978
  custom:video-encoder-webm-vp8: eb34c28f22e8b96e1ab97ce403110664 -> 
  custom:scripting/monoscript/fileName/CallbackInitializer.cs: d227e453fc55ff33477a0f8f90826257 -> b6cad195ed4890ee7aed8c4de2807157
  custom:video-decoder-webm-vp8: 9c59270c3fd7afecdb556c50c9e8de78 -> 
  custom:scripting/monoscript/fileName/RiderTestRunner.cs: a09449e7603772ef60589c92d46be0c3 -> b9ea3ff0565ae2955ea8f15dd6e578d4
  custom:scripting/monoscript/fileName/RiderAssetPostprocessor.cs: e6ad4f374cd20986773f123ef82b628b -> e95044eb94149eee30f5192e36c02104
  custom:scripting/monoscript/fileName/SyncTestRunEventsHandler.cs: a9e2807330a6f2c36d667ee1a2c4f414 -> 9ebe337aca2d71ac02fccc5c886e0668
  custom:scripting/monoscript/fileName/SerializableVersion.cs: 37d1dc623e9e336a7d92f02239a5eea0 -> 66cf30c0372dc35aea960f71af56ff8a
  custom:audio-decoder-ogg-vorbis: bf7c407c2cedff20999df2af8eb42d56 -> 
  custom:scripting/monoscript/fileName/RiderInitializer.cs: 68ef77945a5c56741cb9a0219dfe7657 -> d44ce07d40dcd4d066b6c1c8d08f3519
  custom:video-decoder-ogg-theora: a1e56fd34408186e4bbccfd4996cb3dc -> 
  custom:scripting/monoscript/fileName/RiderDebugLinkXmlProcessor.cs: 099ca395a105c6ac1743d631f5230607 -> 
  custom:scripting/monoscript/fileName/TestsCallback.cs: 6648df980912e96eaae5c39374242936 -> 420027d2a6ccaf7376f849b0f965edcd
  custom:scripting/monoscript/fileName/StringUtils.cs: cd553e77d1122a9b1572dc41482ec6fa -> e49393bed9b27f8092372b1c93fd8ad8
  custom:scripting/monoscript/fileName/ProjectPart.cs: fa153b81a1be75d157e4b8a3e4771fc2 -> e09789f5d21ec839c23f3a2c8c340a5a
  custom:scripting/monoscript/fileName/TestEvent.cs: 600966b5c87333333e8aa4555a03efa6 -> ff94f6973aa3f0db280f3ed0b7577e48
  custom:scripting/monoscript/fileName/SolutionGuidGenerator.cs: fff5e43ac88ff72f14745857eb692caa -> 39a21c4f5e351b9b4a2916e800641a4a
  custom:scripting/monoscript/fileName/PackageManagerTracker.cs: 6b4f549427cfb6e5a3495618f2118a44 -> 651bbc6653e509037fd83f80aa48fad7
  custom:scripting/monoscript/fileName/IFileIO.cs: f591b2fd0e7a5b3d1b89896fce5380e7 -> d1715877724f6e7813b95bae6fbc24d5
  custom:scripting/monoscript/fileName/ProjectGeneration.cs: 6a1cff937ba48d4507adb893269bdb3d -> 5d892aecaaa9b5c9f4162e2ae2b374ef
  custom:audio-encoder-webm-vorbis: bf7c407c2cedff20999df2af8eb42d56 -> 
  custom:scripting/monoscript/fileName/CommandLineParser.cs: a5ce035a20fc026f12db6b796b898d65 -> 25c8ce1c1ecf3aba3903da1187b88166
  custom:scripting/monoscript/fileName/LinkXmlInstaller.cs: 3dee13f8f8e266475c77d4ab15dbe018 -> 
  custom:scripting/monoscript/fileName/RiderScriptEditor.cs: 4a0f526f1b31c7d9c331714a284a6791 -> 4ddd2581343451de6f696adaf8c0958f
  custom:scripting/monoscript/fileName/RiderScriptEditorDataPersisted.cs: 86b94c4c59f51e667ab7e1f2d997c184 -> 93e7c36b8be60b7055550adb6ace534f
  custom:SearchIndexIgnoredProperties: e643bd26f0fe6173181afceb89e7c659 -> 
  custom:scripting/monoscript/fileName/RiderPathUtil.cs: b3d293b09b57cc7b91d500a8b861ad70 -> a77167e74e3a3d01856e2c8265c09e64
  custom:scripting/monoscript/fileName/FileIOProvider.cs: cd91aaa86c461e807d984ea50a1f782b -> 304525d180d2b661ce338fc8a3225752
  custom:container-demuxer-ogg: 62fdf1f143b41e24485cea50d1cbac27 -> 
  custom:AudioImporter_EditorPlatform: d09bf68614088b80899f8185d706f6e7 -> 
  custom:scripting/monoscript/fileName/RiderMenu.cs: 2f14cf7eed9a2ad63962ab0ec2641b7b -> a430c0ff873704a92fbd3fa96f173c8d
  custom:CustomObjectIndexerAttribute: 9a22284fe3817be447336de3de66b15e -> 
  custom:framework-win-MediaFoundation: 216162199b28c13a410421893ffa2e32 -> 
  custom:scripting/monoscript/fileName/PluginSettings.cs: 727424108b6598a2387dd87fa5ed687f -> 4ee82f9c59f87f1dece05e6b9763c365
  custom:scripting/monoscript/fileName/LastWriteTracker.cs: e117305b6c922c0adb79679b01fac2c8 -> c78bd5b4fa28ac60ca7ed50f9c2b99d2
  custom:scripting/monoscript/fileName/FileSystemUtil.cs: 6856b263874916a35e9cabf0faa6bad8 -> 3a1d37ca0015bdfbd542c903cf738043
  custom:scripting/monoscript/fileName/AssemblyNameProvider.cs: 3f6d31526fee168fdd424ef9cb4d7d60 -> 170b0fd934f78f2e6a09342014bfa1fc
  custom:scripting/monoscript/fileName/StringBuilderExtensions.cs: ce23927f3c011b62498875f4f9a60a9a -> 14a3bca92eed52569c50d58813f48a9b
  custom:scripting/monoscript/fileName/EditorPluginInterop.cs: 1a28103090f24bb43afd0997a69f9b48 -> 087796556f1ed2025e28209e52d82ccc
  custom:scripting/monoscript/fileName/IGenerator.cs: e53c624814a84a932e0860f584f7deb9 -> 7460422a7cf0a449df86606b185ffb0e
  custom:scripting/monoscript/fileName/IAssemblyNameProvider.cs: de79d586ca221e8ac344be669ec25f7e -> 005dc9d9c07dc825fea94e0fbc841e20
  custom:scripting/monoscript/fileName/LibcNativeInterop.cs: c73f097a3ef89ebf41e7633fc6e71aff -> 77c1db6bef2e1063dc874463b520ed18
  custom:scripting/monoscript/fileName/StartUpMethodExecutor.cs: ecce11359b7760342ad14bc80bad2220 -> 45cc23141d36926881d69e4d2f8950c7
  custom:scripting/monoscript/fileName/RiderDebuggerProvider.cs: 678aab743b360488ecff56faa503ec8d -> 
  custom:scripting/monoscript/fileName/RiderStyles.cs: cd129c7ac3790ffa53f73149c91a781a -> 871a958d95b29e48af876a5d411c626a
  custom:scripting/monoscript/fileName/CallbackData.cs: 244f50edb9a06e595eeca45abc022db5 -> b15b13425eedd78fb5c4fc4930a9e8b4
  custom:scripting/monoscript/fileName/GUIDProvider.cs: 27f6b36734be7c6510b3f0cc4a697fc7 -> cdd3f47e4fe593d2dfdf9915fa537e3f
  custom:scripting/precompiled-assembly-types:Unity.Rider.Editor: 332fda7feca3dc3cf0d3d930da452a26 -> 5769424f89eeee7d96f0de4802f34024
  custom:container-demuxer-webm: 4f35f7cbe854078d1ac9338744f61a02 -> 
  custom:container-muxer-webm: aa71ff27fc2769a1b78a27578f13a17b -> 
  custom:scripting/monoscript/fileName/RiderScriptEditorData.cs: ac763da56c18afcbbc99b7cf67651110 -> fb9aed0c9d95878995d450a00d549f78
  custom:video-codec-MediaFoundation-h265: 746d11721c4dcdbdad8f713fa42b33f4 -> 
  custom:scripting/monoscript/fileName/Discovery.cs: 8029393f215a21f61e4b017c92f6b3d9 -> 2b1006b9be47307c73378eaafc98b6fb
  custom:scripting/monoscript/fileName/IGUIDGenerator.cs: 153317bb7bf55f081a729ef02e3a13bd -> bad2c2e3b2dbec33c36bdfd6fc903e19
  custom:scripting/precompiled-assembly-types:UnityEditor.UI:  -> 6bae215471362000d6dbd3e0ee304a50
  custom:scripting/precompiled-assembly-types:UnityEngine.UI:  -> f762135bac905e34e2b540c872c48817
  custom:scripting/precompiled-assembly-types:Unity.2D.Sprite.Editor:  -> 17bc6c182f43764addce77b58cdd60c9
========================================================================
Received Prepare
Caller must complete domain reload
Begin MonoManager ReloadAssembly
- Loaded All Assemblies, in  0.169 seconds
Native extension for WindowsStandalone target not found
Mono: successfully reloaded assembly
- Finished resetting the current domain, in  0.217 seconds
Domain Reload Profiling: 385ms
	BeginReloadAssembly (81ms)
		ExecutionOrderSort (0ms)
		DisableScriptedObjects (3ms)
		BackupInstance (0ms)
		ReleaseScriptingObjects (0ms)
		CreateAndSetChildDomain (14ms)
	RebuildCommonClasses (18ms)
	RebuildNativeTypeToScriptingClass (6ms)
	initialDomainReloadingComplete (15ms)
	LoadAllAssembliesAndSetupDomain (50ms)
		LoadAssemblies (88ms)
		RebuildTransferFunctionScriptingTraits (0ms)
		AnalyzeDomain (4ms)
			TypeCache.Refresh (3ms)
				TypeCache.ScanAssembly (0ms)
			ScanForSourceGeneratedMonoScriptInfo (0ms)
			ResolveRequiredComponents (0ms)
	FinalizeReload (217ms)
		ReleaseScriptCaches (0ms)
		RebuildScriptCaches (0ms)
		SetupLoadedEditorAssemblies (133ms)
			LogAssemblyErrors (0ms)
			InitializePlatformSupportModulesInManaged (3ms)
			SetLoadedEditorAssemblies (2ms)
			RefreshPlugins (0ms)
			BeforeProcessingInitializeOnLoad (25ms)
			ProcessInitializeOnLoadAttributes (88ms)
			ProcessInitializeOnLoadMethodAttributes (12ms)
			AfterProcessingInitializeOnLoad (3ms)
			EditorAssembliesLoaded (0ms)
		ExecutionOrderSort2 (0ms)
		AwakeInstancesAfterBackupRestoration (3ms)
Refreshing native plugins compatible for Editor in 0.26 ms, found 0 plugins.
Preloading 0 native plugins for Editor in 0.00 ms.
Unloading 421 Unused Serialized files (Serialized files now loaded: 0)
Unloading 7 unused Assets / (24.9 KB). Loaded Objects now: 1075.
Memory consumption went from 60.3 MB to 60.3 MB.
Total: 1.310100 ms (FindLiveObjects: 0.038400 ms CreateObjectMapping: 0.009000 ms MarkObjects: 1.244300 ms  DeleteObjects: 0.018100 ms)

Prepare: number of updated asset objects reloaded= 0
AssetImportParameters requested are different than current active one (requested -> active):
  custom:scripting/monoscript/fileName/SyncTestRunCallback.cs: 6109fbb45740725119ed9609ae2cb6ab -> 0f406f4b09f3b7bd1bfd8f867df2e978
  custom:video-encoder-webm-vp8: eb34c28f22e8b96e1ab97ce403110664 -> 
  custom:scripting/monoscript/fileName/CallbackInitializer.cs: d227e453fc55ff33477a0f8f90826257 -> b6cad195ed4890ee7aed8c4de2807157
  custom:video-decoder-webm-vp8: 9c59270c3fd7afecdb556c50c9e8de78 -> 
  custom:scripting/monoscript/fileName/RiderTestRunner.cs: a09449e7603772ef60589c92d46be0c3 -> b9ea3ff0565ae2955ea8f15dd6e578d4
  custom:scripting/monoscript/fileName/RiderAssetPostprocessor.cs: e6ad4f374cd20986773f123ef82b628b -> e95044eb94149eee30f5192e36c02104
  custom:scripting/monoscript/fileName/SyncTestRunEventsHandler.cs: a9e2807330a6f2c36d667ee1a2c4f414 -> 9ebe337aca2d71ac02fccc5c886e0668
  custom:scripting/monoscript/fileName/SerializableVersion.cs: 37d1dc623e9e336a7d92f02239a5eea0 -> 66cf30c0372dc35aea960f71af56ff8a
  custom:audio-decoder-ogg-vorbis: bf7c407c2cedff20999df2af8eb42d56 -> 
  custom:scripting/monoscript/fileName/RiderInitializer.cs: 68ef77945a5c56741cb9a0219dfe7657 -> d44ce07d40dcd4d066b6c1c8d08f3519
  custom:video-decoder-ogg-theora: a1e56fd34408186e4bbccfd4996cb3dc -> 
  custom:scripting/monoscript/fileName/RiderDebugLinkXmlProcessor.cs: 099ca395a105c6ac1743d631f5230607 -> 
  custom:scripting/monoscript/fileName/TestsCallback.cs: 6648df980912e96eaae5c39374242936 -> 420027d2a6ccaf7376f849b0f965edcd
  custom:scripting/monoscript/fileName/StringUtils.cs: cd553e77d1122a9b1572dc41482ec6fa -> e49393bed9b27f8092372b1c93fd8ad8
  custom:scripting/monoscript/fileName/ProjectPart.cs: fa153b81a1be75d157e4b8a3e4771fc2 -> e09789f5d21ec839c23f3a2c8c340a5a
  custom:scripting/monoscript/fileName/TestEvent.cs: 600966b5c87333333e8aa4555a03efa6 -> ff94f6973aa3f0db280f3ed0b7577e48
  custom:scripting/monoscript/fileName/SolutionGuidGenerator.cs: fff5e43ac88ff72f14745857eb692caa -> 39a21c4f5e351b9b4a2916e800641a4a
  custom:scripting/monoscript/fileName/PackageManagerTracker.cs: 6b4f549427cfb6e5a3495618f2118a44 -> 651bbc6653e509037fd83f80aa48fad7
  custom:scripting/monoscript/fileName/IFileIO.cs: f591b2fd0e7a5b3d1b89896fce5380e7 -> d1715877724f6e7813b95bae6fbc24d5
  custom:scripting/monoscript/fileName/ProjectGeneration.cs: 6a1cff937ba48d4507adb893269bdb3d -> 5d892aecaaa9b5c9f4162e2ae2b374ef
  custom:audio-encoder-webm-vorbis: bf7c407c2cedff20999df2af8eb42d56 -> 
  custom:scripting/monoscript/fileName/CommandLineParser.cs: a5ce035a20fc026f12db6b796b898d65 -> 25c8ce1c1ecf3aba3903da1187b88166
  custom:scripting/monoscript/fileName/LinkXmlInstaller.cs: 3dee13f8f8e266475c77d4ab15dbe018 -> 
  custom:scripting/monoscript/fileName/RiderScriptEditor.cs: 4a0f526f1b31c7d9c331714a284a6791 -> 4ddd2581343451de6f696adaf8c0958f
  custom:scripting/monoscript/fileName/RiderScriptEditorDataPersisted.cs: 86b94c4c59f51e667ab7e1f2d997c184 -> 93e7c36b8be60b7055550adb6ace534f
  custom:SearchIndexIgnoredProperties: e643bd26f0fe6173181afceb89e7c659 -> 
  custom:scripting/monoscript/fileName/RiderPathUtil.cs: b3d293b09b57cc7b91d500a8b861ad70 -> a77167e74e3a3d01856e2c8265c09e64
  custom:scripting/monoscript/fileName/FileIOProvider.cs: cd91aaa86c461e807d984ea50a1f782b -> 304525d180d2b661ce338fc8a3225752
  custom:container-demuxer-ogg: 62fdf1f143b41e24485cea50d1cbac27 -> 
  custom:AudioImporter_EditorPlatform: d09bf68614088b80899f8185d706f6e7 -> 
  custom:scripting/monoscript/fileName/RiderMenu.cs: 2f14cf7eed9a2ad63962ab0ec2641b7b -> a430c0ff873704a92fbd3fa96f173c8d
  custom:CustomObjectIndexerAttribute: 9a22284fe3817be447336de3de66b15e -> 
  custom:framework-win-MediaFoundation: 216162199b28c13a410421893ffa2e32 -> 
  custom:scripting/monoscript/fileName/PluginSettings.cs: 727424108b6598a2387dd87fa5ed687f -> 4ee82f9c59f87f1dece05e6b9763c365
  custom:scripting/monoscript/fileName/LastWriteTracker.cs: e117305b6c922c0adb79679b01fac2c8 -> c78bd5b4fa28ac60ca7ed50f9c2b99d2
  custom:scripting/monoscript/fileName/FileSystemUtil.cs: 6856b263874916a35e9cabf0faa6bad8 -> 3a1d37ca0015bdfbd542c903cf738043
  custom:scripting/monoscript/fileName/AssemblyNameProvider.cs: 3f6d31526fee168fdd424ef9cb4d7d60 -> 170b0fd934f78f2e6a09342014bfa1fc
  custom:scripting/monoscript/fileName/StringBuilderExtensions.cs: ce23927f3c011b62498875f4f9a60a9a -> 14a3bca92eed52569c50d58813f48a9b
  custom:scripting/monoscript/fileName/EditorPluginInterop.cs: 1a28103090f24bb43afd0997a69f9b48 -> 087796556f1ed2025e28209e52d82ccc
  custom:scripting/monoscript/fileName/IGenerator.cs: e53c624814a84a932e0860f584f7deb9 -> 7460422a7cf0a449df86606b185ffb0e
  custom:scripting/monoscript/fileName/IAssemblyNameProvider.cs: de79d586ca221e8ac344be669ec25f7e -> 005dc9d9c07dc825fea94e0fbc841e20
  custom:scripting/monoscript/fileName/LibcNativeInterop.cs: c73f097a3ef89ebf41e7633fc6e71aff -> 77c1db6bef2e1063dc874463b520ed18
  custom:scripting/monoscript/fileName/StartUpMethodExecutor.cs: ecce11359b7760342ad14bc80bad2220 -> 45cc23141d36926881d69e4d2f8950c7
  custom:scripting/monoscript/fileName/RiderDebuggerProvider.cs: 678aab743b360488ecff56faa503ec8d -> 
  custom:scripting/monoscript/fileName/RiderStyles.cs: cd129c7ac3790ffa53f73149c91a781a -> 871a958d95b29e48af876a5d411c626a
  custom:scripting/monoscript/fileName/CallbackData.cs: 244f50edb9a06e595eeca45abc022db5 -> b15b13425eedd78fb5c4fc4930a9e8b4
  custom:scripting/monoscript/fileName/GUIDProvider.cs: 27f6b36734be7c6510b3f0cc4a697fc7 -> cdd3f47e4fe593d2dfdf9915fa537e3f
  custom:scripting/precompiled-assembly-types:Unity.Rider.Editor: 332fda7feca3dc3cf0d3d930da452a26 -> 5769424f89eeee7d96f0de4802f34024
  custom:container-demuxer-webm: 4f35f7cbe854078d1ac9338744f61a02 -> 
  custom:container-muxer-webm: aa71ff27fc2769a1b78a27578f13a17b -> 
  custom:scripting/monoscript/fileName/RiderScriptEditorData.cs: ac763da56c18afcbbc99b7cf67651110 -> fb9aed0c9d95878995d450a00d549f78
  custom:video-codec-MediaFoundation-h265: 746d11721c4dcdbdad8f713fa42b33f4 -> 
  custom:scripting/monoscript/fileName/Discovery.cs: 8029393f215a21f61e4b017c92f6b3d9 -> 2b1006b9be47307c73378eaafc98b6fb
  custom:scripting/monoscript/fileName/IGUIDGenerator.cs: 153317bb7bf55f081a729ef02e3a13bd -> bad2c2e3b2dbec33c36bdfd6fc903e19
  custom:scripting/precompiled-assembly-types:Unity.2D.Tilemap.Editor:  -> c63f35b4be2093bcf46770a8fbd6e1fe
  custom:scripting/precompiled-assembly-types:UnityEditor.UI:  -> 6bae215471362000d6dbd3e0ee304a50
  custom:scripting/precompiled-assembly-types:UnityEngine.UI:  -> f762135bac905e34e2b540c872c48817
  custom:scripting/precompiled-assembly-types:Unity.2D.Sprite.Editor:  -> 17bc6c182f43764addce77b58cdd60c9
========================================================================
Received Prepare
Caller must complete domain reload
Begin MonoManager ReloadAssembly
- Loaded All Assemblies, in  0.163 seconds
Native extension for WindowsStandalone target not found
Mono: successfully reloaded assembly
- Finished resetting the current domain, in  0.225 seconds
Domain Reload Profiling: 387ms
	BeginReloadAssembly (80ms)
		ExecutionOrderSort (0ms)
		DisableScriptedObjects (3ms)
		BackupInstance (0ms)
		ReleaseScriptingObjects (0ms)
		CreateAndSetChildDomain (13ms)
	RebuildCommonClasses (18ms)
	RebuildNativeTypeToScriptingClass (6ms)
	initialDomainReloadingComplete (13ms)
	LoadAllAssembliesAndSetupDomain (46ms)
		LoadAssemblies (87ms)
		RebuildTransferFunctionScriptingTraits (0ms)
		AnalyzeDomain (4ms)
			TypeCache.Refresh (3ms)
				TypeCache.ScanAssembly (0ms)
			ScanForSourceGeneratedMonoScriptInfo (0ms)
			ResolveRequiredComponents (0ms)
	FinalizeReload (225ms)
		ReleaseScriptCaches (0ms)
		RebuildScriptCaches (0ms)
		SetupLoadedEditorAssemblies (143ms)
			LogAssemblyErrors (0ms)
			InitializePlatformSupportModulesInManaged (5ms)
			SetLoadedEditorAssemblies (2ms)
			RefreshPlugins (0ms)
			BeforeProcessingInitializeOnLoad (34ms)
			ProcessInitializeOnLoadAttributes (88ms)
			ProcessInitializeOnLoadMethodAttributes (12ms)
			AfterProcessingInitializeOnLoad (3ms)
			EditorAssembliesLoaded (0ms)
		ExecutionOrderSort2 (0ms)
		AwakeInstancesAfterBackupRestoration (3ms)
Refreshing native plugins compatible for Editor in 0.26 ms, found 0 plugins.
Preloading 0 native plugins for Editor in 0.00 ms.
Unloading 379 Unused Serialized files (Serialized files now loaded: 0)
Unloading 25 unused Assets / (34.2 KB). Loaded Objects now: 1058.
Memory consumption went from 59.5 MB to 59.4 MB.
Total: 1.354100 ms (FindLiveObjects: 0.039200 ms CreateObjectMapping: 0.009000 ms MarkObjects: 1.279600 ms  DeleteObjects: 0.025600 ms)

Prepare: number of updated asset objects reloaded= 0
AssetImportParameters requested are different than current active one (requested -> active):
  custom:scripting/monoscript/fileName/SyncTestRunCallback.cs: 6109fbb45740725119ed9609ae2cb6ab -> 0f406f4b09f3b7bd1bfd8f867df2e978
  custom:video-encoder-webm-vp8: eb34c28f22e8b96e1ab97ce403110664 -> 
  custom:scripting/monoscript/fileName/CallbackInitializer.cs: d227e453fc55ff33477a0f8f90826257 -> b6cad195ed4890ee7aed8c4de2807157
  custom:video-decoder-webm-vp8: 9c59270c3fd7afecdb556c50c9e8de78 -> 
  custom:scripting/monoscript/fileName/RiderTestRunner.cs: a09449e7603772ef60589c92d46be0c3 -> b9ea3ff0565ae2955ea8f15dd6e578d4
  custom:scripting/monoscript/fileName/RiderAssetPostprocessor.cs: e6ad4f374cd20986773f123ef82b628b -> e95044eb94149eee30f5192e36c02104
  custom:scripting/monoscript/fileName/SyncTestRunEventsHandler.cs: a9e2807330a6f2c36d667ee1a2c4f414 -> 9ebe337aca2d71ac02fccc5c886e0668
  custom:scripting/monoscript/fileName/SerializableVersion.cs: 37d1dc623e9e336a7d92f02239a5eea0 -> 66cf30c0372dc35aea960f71af56ff8a
  custom:audio-decoder-ogg-vorbis: bf7c407c2cedff20999df2af8eb42d56 -> 
  custom:scripting/monoscript/fileName/RiderInitializer.cs: 68ef77945a5c56741cb9a0219dfe7657 -> d44ce07d40dcd4d066b6c1c8d08f3519
  custom:video-decoder-ogg-theora: a1e56fd34408186e4bbccfd4996cb3dc -> 
  custom:scripting/monoscript/fileName/RiderDebugLinkXmlProcessor.cs: 099ca395a105c6ac1743d631f5230607 -> 
  custom:scripting/monoscript/fileName/TestsCallback.cs: 6648df980912e96eaae5c39374242936 -> 420027d2a6ccaf7376f849b0f965edcd
  custom:scripting/monoscript/fileName/StringUtils.cs: cd553e77d1122a9b1572dc41482ec6fa -> e49393bed9b27f8092372b1c93fd8ad8
  custom:scripting/monoscript/fileName/ProjectPart.cs: fa153b81a1be75d157e4b8a3e4771fc2 -> e09789f5d21ec839c23f3a2c8c340a5a
  custom:scripting/monoscript/fileName/TestEvent.cs: 600966b5c87333333e8aa4555a03efa6 -> ff94f6973aa3f0db280f3ed0b7577e48
  custom:scripting/monoscript/fileName/SolutionGuidGenerator.cs: fff5e43ac88ff72f14745857eb692caa -> 39a21c4f5e351b9b4a2916e800641a4a
  custom:scripting/monoscript/fileName/PackageManagerTracker.cs: 6b4f549427cfb6e5a3495618f2118a44 -> 651bbc6653e509037fd83f80aa48fad7
  custom:scripting/monoscript/fileName/IFileIO.cs: f591b2fd0e7a5b3d1b89896fce5380e7 -> d1715877724f6e7813b95bae6fbc24d5
  custom:scripting/monoscript/fileName/ProjectGeneration.cs: 6a1cff937ba48d4507adb893269bdb3d -> 5d892aecaaa9b5c9f4162e2ae2b374ef
  custom:audio-encoder-webm-vorbis: bf7c407c2cedff20999df2af8eb42d56 -> 
  custom:scripting/monoscript/fileName/CommandLineParser.cs: a5ce035a20fc026f12db6b796b898d65 -> 25c8ce1c1ecf3aba3903da1187b88166
  custom:scripting/monoscript/fileName/LinkXmlInstaller.cs: 3dee13f8f8e266475c77d4ab15dbe018 -> 
  custom:scripting/monoscript/fileName/RiderScriptEditor.cs: 4a0f526f1b31c7d9c331714a284a6791 -> 4ddd2581343451de6f696adaf8c0958f
  custom:scripting/monoscript/fileName/RiderScriptEditorDataPersisted.cs: 86b94c4c59f51e667ab7e1f2d997c184 -> 93e7c36b8be60b7055550adb6ace534f
  custom:SearchIndexIgnoredProperties: e643bd26f0fe6173181afceb89e7c659 -> 
  custom:scripting/monoscript/fileName/RiderPathUtil.cs: b3d293b09b57cc7b91d500a8b861ad70 -> a77167e74e3a3d01856e2c8265c09e64
  custom:scripting/monoscript/fileName/FileIOProvider.cs: cd91aaa86c461e807d984ea50a1f782b -> 304525d180d2b661ce338fc8a3225752
  custom:container-demuxer-ogg: 62fdf1f143b41e24485cea50d1cbac27 -> 
  custom:AudioImporter_EditorPlatform: d09bf68614088b80899f8185d706f6e7 -> 
  custom:scripting/monoscript/fileName/RiderMenu.cs: 2f14cf7eed9a2ad63962ab0ec2641b7b -> a430c0ff873704a92fbd3fa96f173c8d
  custom:CustomObjectIndexerAttribute: 9a22284fe3817be447336de3de66b15e -> 
  custom:framework-win-MediaFoundation: 216162199b28c13a410421893ffa2e32 -> 
  custom:scripting/monoscript/fileName/PluginSettings.cs: 727424108b6598a2387dd87fa5ed687f -> 4ee82f9c59f87f1dece05e6b9763c365
  custom:scripting/monoscript/fileName/LastWriteTracker.cs: e117305b6c922c0adb79679b01fac2c8 -> c78bd5b4fa28ac60ca7ed50f9c2b99d2
  custom:scripting/monoscript/fileName/FileSystemUtil.cs: 6856b263874916a35e9cabf0faa6bad8 -> 3a1d37ca0015bdfbd542c903cf738043
  custom:scripting/monoscript/fileName/AssemblyNameProvider.cs: 3f6d31526fee168fdd424ef9cb4d7d60 -> 170b0fd934f78f2e6a09342014bfa1fc
  custom:scripting/monoscript/fileName/StringBuilderExtensions.cs: ce23927f3c011b62498875f4f9a60a9a -> 14a3bca92eed52569c50d58813f48a9b
  custom:scripting/monoscript/fileName/EditorPluginInterop.cs: 1a28103090f24bb43afd0997a69f9b48 -> 087796556f1ed2025e28209e52d82ccc
  custom:scripting/monoscript/fileName/IGenerator.cs: e53c624814a84a932e0860f584f7deb9 -> 7460422a7cf0a449df86606b185ffb0e
  custom:scripting/monoscript/fileName/IAssemblyNameProvider.cs: de79d586ca221e8ac344be669ec25f7e -> 005dc9d9c07dc825fea94e0fbc841e20
  custom:scripting/monoscript/fileName/LibcNativeInterop.cs: c73f097a3ef89ebf41e7633fc6e71aff -> 77c1db6bef2e1063dc874463b520ed18
  custom:scripting/monoscript/fileName/StartUpMethodExecutor.cs: ecce11359b7760342ad14bc80bad2220 -> 45cc23141d36926881d69e4d2f8950c7
  custom:scripting/monoscript/fileName/RiderDebuggerProvider.cs: 678aab743b360488ecff56faa503ec8d -> 
  custom:scripting/monoscript/fileName/RiderStyles.cs: cd129c7ac3790ffa53f73149c91a781a -> 871a958d95b29e48af876a5d411c626a
  custom:scripting/monoscript/fileName/CallbackData.cs: 244f50edb9a06e595eeca45abc022db5 -> b15b13425eedd78fb5c4fc4930a9e8b4
  custom:scripting/monoscript/fileName/GUIDProvider.cs: 27f6b36734be7c6510b3f0cc4a697fc7 -> cdd3f47e4fe593d2dfdf9915fa537e3f
  custom:scripting/precompiled-assembly-types:Unity.Rider.Editor: 332fda7feca3dc3cf0d3d930da452a26 -> 5769424f89eeee7d96f0de4802f34024
  custom:container-demuxer-webm: 4f35f7cbe854078d1ac9338744f61a02 -> 
  custom:container-muxer-webm: aa71ff27fc2769a1b78a27578f13a17b -> 
  custom:scripting/monoscript/fileName/RiderScriptEditorData.cs: ac763da56c18afcbbc99b7cf67651110 -> fb9aed0c9d95878995d450a00d549f78
  custom:video-codec-MediaFoundation-h265: 746d11721c4dcdbdad8f713fa42b33f4 -> 
  custom:scripting/monoscript/fileName/Discovery.cs: 8029393f215a21f61e4b017c92f6b3d9 -> 2b1006b9be47307c73378eaafc98b6fb
  custom:scripting/monoscript/fileName/IGUIDGenerator.cs: 153317bb7bf55f081a729ef02e3a13bd -> bad2c2e3b2dbec33c36bdfd6fc903e19
  custom:scripting/precompiled-assembly-types:Unity.AI.Navigation.Editor:  -> 7eaf38f66973fde07200cf372b24130e
  custom:scripting/precompiled-assembly-types:Unity.AI.Navigation:  -> 5d8fa505e3253b9a2a456e2c28a1afb3
  custom:scripting/precompiled-assembly-types:Unity.AI.Navigation.Updater:  -> d2095ddf03fd615830d6dacf5841450d
  custom:scripting/precompiled-assembly-types:Unity.2D.Tilemap.Editor:  -> c63f35b4be2093bcf46770a8fbd6e1fe
  custom:scripting/precompiled-assembly-types:UnityEditor.UI:  -> 6bae215471362000d6dbd3e0ee304a50
  custom:scripting/precompiled-assembly-types:UnityEngine.UI:  -> f762135bac905e34e2b540c872c48817
  custom:scripting/precompiled-assembly-types:Unity.AI.Navigation.Editor.ConversionSystem:  -> 27c718e5de2659aeeb663e092dc21158
  custom:scripting/precompiled-assembly-types:Unity.2D.Sprite.Editor:  -> 17bc6c182f43764addce77b58cdd60c9
========================================================================
Received Prepare
Caller must complete domain reload
Begin MonoManager ReloadAssembly
- Loaded All Assemblies, in  0.168 seconds
Native extension for WindowsStandalone target not found
Mono: successfully reloaded assembly
- Finished resetting the current domain, in  0.213 seconds
Domain Reload Profiling: 381ms
	BeginReloadAssembly (80ms)
		ExecutionOrderSort (0ms)
		DisableScriptedObjects (3ms)
		BackupInstance (0ms)
		ReleaseScriptingObjects (0ms)
		CreateAndSetChildDomain (14ms)
	RebuildCommonClasses (17ms)
	RebuildNativeTypeToScriptingClass (5ms)
	initialDomainReloadingComplete (14ms)
	LoadAllAssembliesAndSetupDomain (51ms)
		LoadAssemblies (88ms)
		RebuildTransferFunctionScriptingTraits (0ms)
		AnalyzeDomain (5ms)
			TypeCache.Refresh (4ms)
				TypeCache.ScanAssembly (0ms)
			ScanForSourceGeneratedMonoScriptInfo (0ms)
			ResolveRequiredComponents (0ms)
	FinalizeReload (213ms)
		ReleaseScriptCaches (0ms)
		RebuildScriptCaches (0ms)
		SetupLoadedEditorAssemblies (130ms)
			LogAssemblyErrors (0ms)
			InitializePlatformSupportModulesInManaged (3ms)
			SetLoadedEditorAssemblies (2ms)
			RefreshPlugins (0ms)
			BeforeProcessingInitializeOnLoad (26ms)
			ProcessInitializeOnLoadAttributes (84ms)
			ProcessInitializeOnLoadMethodAttributes (12ms)
			AfterProcessingInitializeOnLoad (3ms)
			EditorAssembliesLoaded (0ms)
		ExecutionOrderSort2 (0ms)
		AwakeInstancesAfterBackupRestoration (3ms)
Refreshing native plugins compatible for Editor in 0.27 ms, found 0 plugins.
Preloading 0 native plugins for Editor in 0.00 ms.
Unloading 379 Unused Serialized files (Serialized files now loaded: 0)
Unloading 5 unused Assets / (23.9 KB). Loaded Objects now: 1061.
Memory consumption went from 59.3 MB to 59.2 MB.
Total: 1.356600 ms (FindLiveObjects: 0.039800 ms CreateObjectMapping: 0.008600 ms MarkObjects: 1.292600 ms  DeleteObjects: 0.015000 ms)

Prepare: number of updated asset objects reloaded= 0
AssetImportParameters requested are different than current active one (requested -> active):
  custom:scripting/monoscript/fileName/SyncTestRunCallback.cs: 6109fbb45740725119ed9609ae2cb6ab -> 0f406f4b09f3b7bd1bfd8f867df2e978
  custom:video-encoder-webm-vp8: eb34c28f22e8b96e1ab97ce403110664 -> 
  custom:scripting/monoscript/fileName/CallbackInitializer.cs: d227e453fc55ff33477a0f8f90826257 -> b6cad195ed4890ee7aed8c4de2807157
  custom:video-decoder-webm-vp8: 9c59270c3fd7afecdb556c50c9e8de78 -> 
  custom:scripting/monoscript/fileName/RiderTestRunner.cs: a09449e7603772ef60589c92d46be0c3 -> b9ea3ff0565ae2955ea8f15dd6e578d4
  custom:scripting/monoscript/fileName/RiderAssetPostprocessor.cs: e6ad4f374cd20986773f123ef82b628b -> e95044eb94149eee30f5192e36c02104
  custom:scripting/monoscript/fileName/SyncTestRunEventsHandler.cs: a9e2807330a6f2c36d667ee1a2c4f414 -> 9ebe337aca2d71ac02fccc5c886e0668
  custom:scripting/monoscript/fileName/SerializableVersion.cs: 37d1dc623e9e336a7d92f02239a5eea0 -> 66cf30c0372dc35aea960f71af56ff8a
  custom:audio-decoder-ogg-vorbis: bf7c407c2cedff20999df2af8eb42d56 -> 
  custom:scripting/monoscript/fileName/RiderInitializer.cs: 68ef77945a5c56741cb9a0219dfe7657 -> d44ce07d40dcd4d066b6c1c8d08f3519
  custom:video-decoder-ogg-theora: a1e56fd34408186e4bbccfd4996cb3dc -> 
  custom:scripting/monoscript/fileName/RiderDebugLinkXmlProcessor.cs: 099ca395a105c6ac1743d631f5230607 -> 
  custom:scripting/monoscript/fileName/TestsCallback.cs: 6648df980912e96eaae5c39374242936 -> 420027d2a6ccaf7376f849b0f965edcd
  custom:scripting/monoscript/fileName/StringUtils.cs: cd553e77d1122a9b1572dc41482ec6fa -> e49393bed9b27f8092372b1c93fd8ad8
  custom:scripting/monoscript/fileName/ProjectPart.cs: fa153b81a1be75d157e4b8a3e4771fc2 -> e09789f5d21ec839c23f3a2c8c340a5a
  custom:scripting/monoscript/fileName/TestEvent.cs: 600966b5c87333333e8aa4555a03efa6 -> ff94f6973aa3f0db280f3ed0b7577e48
  custom:scripting/monoscript/fileName/SolutionGuidGenerator.cs: fff5e43ac88ff72f14745857eb692caa -> 39a21c4f5e351b9b4a2916e800641a4a
  custom:scripting/monoscript/fileName/PackageManagerTracker.cs: 6b4f549427cfb6e5a3495618f2118a44 -> 651bbc6653e509037fd83f80aa48fad7
  custom:scripting/monoscript/fileName/IFileIO.cs: f591b2fd0e7a5b3d1b89896fce5380e7 -> d1715877724f6e7813b95bae6fbc24d5
  custom:scripting/monoscript/fileName/ProjectGeneration.cs: 6a1cff937ba48d4507adb893269bdb3d -> 5d892aecaaa9b5c9f4162e2ae2b374ef
  custom:audio-encoder-webm-vorbis: bf7c407c2cedff20999df2af8eb42d56 -> 
  custom:scripting/monoscript/fileName/CommandLineParser.cs: a5ce035a20fc026f12db6b796b898d65 -> 25c8ce1c1ecf3aba3903da1187b88166
  custom:scripting/monoscript/fileName/LinkXmlInstaller.cs: 3dee13f8f8e266475c77d4ab15dbe018 -> 
  custom:scripting/monoscript/fileName/RiderScriptEditor.cs: 4a0f526f1b31c7d9c331714a284a6791 -> 4ddd2581343451de6f696adaf8c0958f
  custom:scripting/monoscript/fileName/ForceReserializeHelperMenuItem.cs: 978b5ca9d674824cd95a22f3b4092010 -> 98d32141e85c807d71a964f818a60bc0
  custom:scripting/monoscript/fileName/RiderScriptEditorDataPersisted.cs: 86b94c4c59f51e667ab7e1f2d997c184 -> 93e7c36b8be60b7055550adb6ace534f
  custom:SearchIndexIgnoredProperties: e643bd26f0fe6173181afceb89e7c659 -> 
  custom:scripting/monoscript/fileName/RiderPathUtil.cs: b3d293b09b57cc7b91d500a8b861ad70 -> a77167e74e3a3d01856e2c8265c09e64
  custom:scripting/monoscript/fileName/FileIOProvider.cs: cd91aaa86c461e807d984ea50a1f782b -> 304525d180d2b661ce338fc8a3225752
  custom:container-demuxer-ogg: 62fdf1f143b41e24485cea50d1cbac27 -> 
  custom:AudioImporter_EditorPlatform: d09bf68614088b80899f8185d706f6e7 -> 
  custom:scripting/monoscript/fileName/RiderMenu.cs: 2f14cf7eed9a2ad63962ab0ec2641b7b -> a430c0ff873704a92fbd3fa96f173c8d
  custom:CustomObjectIndexerAttribute: 9a22284fe3817be447336de3de66b15e -> 
  custom:framework-win-MediaFoundation: 216162199b28c13a410421893ffa2e32 -> 
  custom:scripting/monoscript/fileName/PluginSettings.cs: 727424108b6598a2387dd87fa5ed687f -> 4ee82f9c59f87f1dece05e6b9763c365
  custom:scripting/monoscript/fileName/LastWriteTracker.cs: e117305b6c922c0adb79679b01fac2c8 -> c78bd5b4fa28ac60ca7ed50f9c2b99d2
  custom:scripting/monoscript/fileName/FileSystemUtil.cs: 6856b263874916a35e9cabf0faa6bad8 -> 3a1d37ca0015bdfbd542c903cf738043
  custom:scripting/monoscript/fileName/AssemblyNameProvider.cs: 3f6d31526fee168fdd424ef9cb4d7d60 -> 170b0fd934f78f2e6a09342014bfa1fc
  custom:scripting/monoscript/fileName/StringBuilderExtensions.cs: ce23927f3c011b62498875f4f9a60a9a -> 14a3bca92eed52569c50d58813f48a9b
  custom:scripting/monoscript/fileName/EditorPluginInterop.cs: 1a28103090f24bb43afd0997a69f9b48 -> 087796556f1ed2025e28209e52d82ccc
  custom:scripting/precompiled-assembly-types:ForceReserializeHelpers: 6e3d6b8c258486c08df59fdec9189680 -> 
  custom:scripting/monoscript/fileName/IGenerator.cs: e53c624814a84a932e0860f584f7deb9 -> 7460422a7cf0a449df86606b185ffb0e
  custom:scripting/monoscript/fileName/ForceReserializeHelperWindow.cs: ecead06001f2ac2097c0b12be1f4df32 -> 50f1134d19d9945af91eed189a853ba0
  custom:scripting/monoscript/fileName/IAssemblyNameProvider.cs: de79d586ca221e8ac344be669ec25f7e -> 005dc9d9c07dc825fea94e0fbc841e20
  custom:scripting/monoscript/fileName/LibcNativeInterop.cs: c73f097a3ef89ebf41e7633fc6e71aff -> 77c1db6bef2e1063dc874463b520ed18
  custom:scripting/monoscript/fileName/StartUpMethodExecutor.cs: ecce11359b7760342ad14bc80bad2220 -> 45cc23141d36926881d69e4d2f8950c7
  custom:scripting/monoscript/fileName/RiderDebuggerProvider.cs: 678aab743b360488ecff56faa503ec8d -> 
  custom:scripting/monoscript/fileName/RiderStyles.cs: cd129c7ac3790ffa53f73149c91a781a -> 871a958d95b29e48af876a5d411c626a
  custom:scripting/monoscript/fileName/CallbackData.cs: 244f50edb9a06e595eeca45abc022db5 -> b15b13425eedd78fb5c4fc4930a9e8b4
  custom:scripting/monoscript/fileName/GUIDProvider.cs: 27f6b36734be7c6510b3f0cc4a697fc7 -> cdd3f47e4fe593d2dfdf9915fa537e3f
  custom:scripting/precompiled-assembly-types:Unity.Rider.Editor: 332fda7feca3dc3cf0d3d930da452a26 -> 5769424f89eeee7d96f0de4802f34024
  custom:container-demuxer-webm: 4f35f7cbe854078d1ac9338744f61a02 -> 
  custom:container-muxer-webm: aa71ff27fc2769a1b78a27578f13a17b -> 
  custom:scripting/monoscript/fileName/RiderScriptEditorData.cs: ac763da56c18afcbbc99b7cf67651110 -> fb9aed0c9d95878995d450a00d549f78
  custom:video-codec-MediaFoundation-h265: 746d11721c4dcdbdad8f713fa42b33f4 -> 
  custom:scripting/monoscript/fileName/Discovery.cs: 8029393f215a21f61e4b017c92f6b3d9 -> 2b1006b9be47307c73378eaafc98b6fb
  custom:scripting/monoscript/fileName/IGUIDGenerator.cs: 153317bb7bf55f081a729ef02e3a13bd -> bad2c2e3b2dbec33c36bdfd6fc903e19
  custom:scripting/precompiled-assembly-types:Unity.AI.Navigation.Editor:  -> 7eaf38f66973fde07200cf372b24130e
  custom:scripting/precompiled-assembly-types:Unity.AI.Navigation:  -> 5d8fa505e3253b9a2a456e2c28a1afb3
  custom:scripting/precompiled-assembly-types:Assembly-CSharp-Editor:  -> 6e3d6b8c258486c08df59fdec9189680
  custom:scripting/precompiled-assembly-types:Unity.AI.Navigation.Updater:  -> d2095ddf03fd615830d6dacf5841450d
  custom:scripting/precompiled-assembly-types:Unity.2D.Tilemap.Editor:  -> c63f35b4be2093bcf46770a8fbd6e1fe
  custom:scripting/precompiled-assembly-types:UnityEditor.UI:  -> 6bae215471362000d6dbd3e0ee304a50
  custom:scripting/precompiled-assembly-types:UnityEngine.UI:  -> f762135bac905e34e2b540c872c48817
  custom:scripting/precompiled-assembly-types:Unity.AI.Navigation.Editor.ConversionSystem:  -> 27c718e5de2659aeeb663e092dc21158
  custom:scripting/precompiled-assembly-types:Unity.2D.Sprite.Editor:  -> 17bc6c182f43764addce77b58cdd60c9
========================================================================
Received Prepare
Caller must complete domain reload
Begin MonoManager ReloadAssembly
- Loaded All Assemblies, in  0.174 seconds
Native extension for WindowsStandalone target not found
Mono: successfully reloaded assembly
- Finished resetting the current domain, in  0.211 seconds
Domain Reload Profiling: 385ms
	BeginReloadAssembly (91ms)
		ExecutionOrderSort (0ms)
		DisableScriptedObjects (3ms)
		BackupInstance (0ms)
		ReleaseScriptingObjects (0ms)
		CreateAndSetChildDomain (13ms)
	RebuildCommonClasses (18ms)
	RebuildNativeTypeToScriptingClass (6ms)
	initialDomainReloadingComplete (14ms)
	LoadAllAssembliesAndSetupDomain (46ms)
		LoadAssemblies (97ms)
		RebuildTransferFunctionScriptingTraits (0ms)
		AnalyzeDomain (5ms)
			TypeCache.Refresh (3ms)
				TypeCache.ScanAssembly (0ms)
			ScanForSourceGeneratedMonoScriptInfo (0ms)
			ResolveRequiredComponents (0ms)
	FinalizeReload (211ms)
		ReleaseScriptCaches (0ms)
		RebuildScriptCaches (0ms)
		SetupLoadedEditorAssemblies (132ms)
			LogAssemblyErrors (0ms)
			InitializePlatformSupportModulesInManaged (3ms)
			SetLoadedEditorAssemblies (2ms)
			RefreshPlugins (0ms)
			BeforeProcessingInitializeOnLoad (25ms)
			ProcessInitializeOnLoadAttributes (87ms)
			ProcessInitializeOnLoadMethodAttributes (12ms)
			AfterProcessingInitializeOnLoad (3ms)
			EditorAssembliesLoaded (0ms)
		ExecutionOrderSort2 (0ms)
		AwakeInstancesAfterBackupRestoration (3ms)
Refreshing native plugins compatible for Editor in 0.29 ms, found 0 plugins.
Preloading 0 native plugins for Editor in 0.00 ms.
Unloading 379 Unused Serialized files (Serialized files now loaded: 0)
Unloading 5 unused Assets / (23.9 KB). Loaded Objects now: 1064.
Memory consumption went from 59.3 MB to 59.3 MB.
Total: 1.450600 ms (FindLiveObjects: 0.040600 ms CreateObjectMapping: 0.009400 ms MarkObjects: 1.386200 ms  DeleteObjects: 0.014000 ms)

Prepare: number of updated asset objects reloaded= 0
AssetImportParameters requested are different than current active one (requested -> active):
  custom:scripting/monoscript/fileName/SyncTestRunCallback.cs: 6109fbb45740725119ed9609ae2cb6ab -> 0f406f4b09f3b7bd1bfd8f867df2e978
  custom:video-encoder-webm-vp8: eb34c28f22e8b96e1ab97ce403110664 -> 
  custom:scripting/monoscript/fileName/CallbackInitializer.cs: d227e453fc55ff33477a0f8f90826257 -> b6cad195ed4890ee7aed8c4de2807157
  custom:video-decoder-webm-vp8: 9c59270c3fd7afecdb556c50c9e8de78 -> 
  custom:scripting/monoscript/fileName/RiderTestRunner.cs: a09449e7603772ef60589c92d46be0c3 -> b9ea3ff0565ae2955ea8f15dd6e578d4
  custom:scripting/monoscript/fileName/RiderAssetPostprocessor.cs: e6ad4f374cd20986773f123ef82b628b -> e95044eb94149eee30f5192e36c02104
  custom:scripting/monoscript/fileName/SyncTestRunEventsHandler.cs: a9e2807330a6f2c36d667ee1a2c4f414 -> 9ebe337aca2d71ac02fccc5c886e0668
  custom:scripting/monoscript/fileName/SerializableVersion.cs: 37d1dc623e9e336a7d92f02239a5eea0 -> 66cf30c0372dc35aea960f71af56ff8a
  custom:audio-decoder-ogg-vorbis: bf7c407c2cedff20999df2af8eb42d56 -> 
  custom:scripting/monoscript/fileName/RiderInitializer.cs: 68ef77945a5c56741cb9a0219dfe7657 -> d44ce07d40dcd4d066b6c1c8d08f3519
  custom:video-decoder-ogg-theora: a1e56fd34408186e4bbccfd4996cb3dc -> 
  custom:scripting/monoscript/fileName/RiderDebugLinkXmlProcessor.cs: 099ca395a105c6ac1743d631f5230607 -> 
  custom:scripting/monoscript/fileName/TestsCallback.cs: 6648df980912e96eaae5c39374242936 -> 420027d2a6ccaf7376f849b0f965edcd
  custom:scripting/monoscript/fileName/StringUtils.cs: cd553e77d1122a9b1572dc41482ec6fa -> e49393bed9b27f8092372b1c93fd8ad8
  custom:scripting/monoscript/fileName/ProjectPart.cs: fa153b81a1be75d157e4b8a3e4771fc2 -> e09789f5d21ec839c23f3a2c8c340a5a
  custom:scripting/monoscript/fileName/TestEvent.cs: 600966b5c87333333e8aa4555a03efa6 -> ff94f6973aa3f0db280f3ed0b7577e48
  custom:scripting/monoscript/fileName/SolutionGuidGenerator.cs: fff5e43ac88ff72f14745857eb692caa -> 39a21c4f5e351b9b4a2916e800641a4a
  custom:scripting/monoscript/fileName/PackageManagerTracker.cs: 6b4f549427cfb6e5a3495618f2118a44 -> 651bbc6653e509037fd83f80aa48fad7
  custom:scripting/monoscript/fileName/IFileIO.cs: f591b2fd0e7a5b3d1b89896fce5380e7 -> d1715877724f6e7813b95bae6fbc24d5
  custom:scripting/monoscript/fileName/ProjectGeneration.cs: 6a1cff937ba48d4507adb893269bdb3d -> 5d892aecaaa9b5c9f4162e2ae2b374ef
  custom:audio-encoder-webm-vorbis: bf7c407c2cedff20999df2af8eb42d56 -> 
  custom:scripting/monoscript/fileName/CommandLineParser.cs: a5ce035a20fc026f12db6b796b898d65 -> 25c8ce1c1ecf3aba3903da1187b88166
  custom:scripting/monoscript/fileName/LinkXmlInstaller.cs: 3dee13f8f8e266475c77d4ab15dbe018 -> 
  custom:scripting/monoscript/fileName/RiderScriptEditor.cs: 4a0f526f1b31c7d9c331714a284a6791 -> 4ddd2581343451de6f696adaf8c0958f
  custom:scripting/monoscript/fileName/ForceReserializeHelperMenuItem.cs: 837c092dba29bf4cb6ca14ee2f914f68 -> 98d32141e85c807d71a964f818a60bc0
  custom:scripting/monoscript/fileName/RiderScriptEditorDataPersisted.cs: 86b94c4c59f51e667ab7e1f2d997c184 -> 93e7c36b8be60b7055550adb6ace534f
  custom:SearchIndexIgnoredProperties: e643bd26f0fe6173181afceb89e7c659 -> 
  custom:scripting/monoscript/fileName/RiderPathUtil.cs: b3d293b09b57cc7b91d500a8b861ad70 -> a77167e74e3a3d01856e2c8265c09e64
  custom:scripting/monoscript/fileName/FileIOProvider.cs: cd91aaa86c461e807d984ea50a1f782b -> 304525d180d2b661ce338fc8a3225752
  custom:container-demuxer-ogg: 62fdf1f143b41e24485cea50d1cbac27 -> 
  custom:AudioImporter_EditorPlatform: d09bf68614088b80899f8185d706f6e7 -> 
  custom:scripting/monoscript/fileName/RiderMenu.cs: 2f14cf7eed9a2ad63962ab0ec2641b7b -> a430c0ff873704a92fbd3fa96f173c8d
  custom:CustomObjectIndexerAttribute: 9a22284fe3817be447336de3de66b15e -> 
  custom:framework-win-MediaFoundation: 216162199b28c13a410421893ffa2e32 -> 
  custom:scripting/monoscript/fileName/PluginSettings.cs: 727424108b6598a2387dd87fa5ed687f -> 4ee82f9c59f87f1dece05e6b9763c365
  custom:scripting/monoscript/fileName/LastWriteTracker.cs: e117305b6c922c0adb79679b01fac2c8 -> c78bd5b4fa28ac60ca7ed50f9c2b99d2
  custom:scripting/monoscript/fileName/FileSystemUtil.cs: 6856b263874916a35e9cabf0faa6bad8 -> 3a1d37ca0015bdfbd542c903cf738043
  custom:scripting/monoscript/fileName/AssemblyNameProvider.cs: 3f6d31526fee168fdd424ef9cb4d7d60 -> 170b0fd934f78f2e6a09342014bfa1fc
  custom:scripting/monoscript/fileName/StringBuilderExtensions.cs: ce23927f3c011b62498875f4f9a60a9a -> 14a3bca92eed52569c50d58813f48a9b
  custom:scripting/monoscript/fileName/EditorPluginInterop.cs: 1a28103090f24bb43afd0997a69f9b48 -> 087796556f1ed2025e28209e52d82ccc
  custom:scripting/precompiled-assembly-types:ForceReserializeHelpers: 6e3d6b8c258486c08df59fdec9189680 -> 
  custom:scripting/monoscript/fileName/IGenerator.cs: e53c624814a84a932e0860f584f7deb9 -> 7460422a7cf0a449df86606b185ffb0e
  custom:scripting/monoscript/fileName/ForceReserializeHelperWindow.cs: 2bc670473189bd175041da335a973e44 -> 50f1134d19d9945af91eed189a853ba0
  custom:scripting/monoscript/fileName/IAssemblyNameProvider.cs: de79d586ca221e8ac344be669ec25f7e -> 005dc9d9c07dc825fea94e0fbc841e20
  custom:scripting/monoscript/fileName/LibcNativeInterop.cs: c73f097a3ef89ebf41e7633fc6e71aff -> 77c1db6bef2e1063dc874463b520ed18
  custom:scripting/monoscript/fileName/StartUpMethodExecutor.cs: ecce11359b7760342ad14bc80bad2220 -> 45cc23141d36926881d69e4d2f8950c7
  custom:scripting/monoscript/fileName/RiderDebuggerProvider.cs: 678aab743b360488ecff56faa503ec8d -> 
  custom:scripting/monoscript/fileName/RiderStyles.cs: cd129c7ac3790ffa53f73149c91a781a -> 871a958d95b29e48af876a5d411c626a
  custom:scripting/monoscript/fileName/CallbackData.cs: 244f50edb9a06e595eeca45abc022db5 -> b15b13425eedd78fb5c4fc4930a9e8b4
  custom:scripting/monoscript/fileName/GUIDProvider.cs: 27f6b36734be7c6510b3f0cc4a697fc7 -> cdd3f47e4fe593d2dfdf9915fa537e3f
  custom:scripting/precompiled-assembly-types:Unity.Rider.Editor: 332fda7feca3dc3cf0d3d930da452a26 -> 5769424f89eeee7d96f0de4802f34024
  custom:container-demuxer-webm: 4f35f7cbe854078d1ac9338744f61a02 -> 
  custom:container-muxer-webm: aa71ff27fc2769a1b78a27578f13a17b -> 
  custom:scripting/monoscript/fileName/RiderScriptEditorData.cs: ac763da56c18afcbbc99b7cf67651110 -> fb9aed0c9d95878995d450a00d549f78
  custom:video-codec-MediaFoundation-h265: 746d11721c4dcdbdad8f713fa42b33f4 -> 
  custom:scripting/monoscript/fileName/Discovery.cs: 8029393f215a21f61e4b017c92f6b3d9 -> 2b1006b9be47307c73378eaafc98b6fb
  custom:scripting/monoscript/fileName/IGUIDGenerator.cs: 153317bb7bf55f081a729ef02e3a13bd -> bad2c2e3b2dbec33c36bdfd6fc903e19
  custom:scripting/precompiled-assembly-types:Unity.AI.Navigation.Editor:  -> 7eaf38f66973fde07200cf372b24130e
  custom:scripting/precompiled-assembly-types:Unity.AI.Navigation:  -> 5d8fa505e3253b9a2a456e2c28a1afb3
  custom:scripting/precompiled-assembly-types:Assembly-CSharp-Editor:  -> 6e3d6b8c258486c08df59fdec9189680
  custom:scripting/precompiled-assembly-types:Unity.AI.Navigation.Updater:  -> d2095ddf03fd615830d6dacf5841450d
  custom:scripting/precompiled-assembly-types:Unity.2D.Tilemap.Editor:  -> c63f35b4be2093bcf46770a8fbd6e1fe
  custom:scripting/precompiled-assembly-types:UnityEditor.UI:  -> 6bae215471362000d6dbd3e0ee304a50
  custom:scripting/precompiled-assembly-types:UnityEngine.UI:  -> f762135bac905e34e2b540c872c48817
  custom:scripting/precompiled-assembly-types:Unity.AI.Navigation.Editor.ConversionSystem:  -> 27c718e5de2659aeeb663e092dc21158
  custom:scripting/precompiled-assembly-types:Unity.2D.Sprite.Editor:  -> 17bc6c182f43764addce77b58cdd60c9
